npm error Missing script: "build"
npm error
npm error To see a list of scripts, run:
npm error   npm run
npm error A complete log of this run can be found in: C:\Users\juani\AppData\Local\npm-cache\_logs\2026-05-28T14_53_55_149Z-debug-0.log
